// Vitest Snapshot v1, https://vitest.dev/guide/snapshot.html

exports[`Check snapshot 1`] = `
{
  "asFragment": [Function],
  "baseElement": <body>
    <div>
      <header
        class="h-16 bg-sky-500  flex justify-end items-center"
      >
        <h1
          class="text-lg font-bold underline text-zinc-950"
          data-testid="name"
        />
        <img
          alt="Rounded avatar"
          class="w-10 h-10 rounded-full mx-5"
          src="https://scontent.fsgn2-7.fna.fbcdn.net/v/t1.18169-1/11193438_402423169882782_2597021278587966343_n.jpg?stp=c0.2.40.40a_cp0_dst-jpg_p40x40&_nc_cat=108&ccb=1-7&_nc_sid=7206a8&_nc_ohc=iCEUNNQblrkAX91dsZP&_nc_ht=scontent.fsgn2-7.fna&oh=00_AfClD5sQ-_x_MYzw8cqGVumh1oerFns1BnnwjxMTq8Bhtg&oe=64EC1BA8"
        />
      </header>
    </div>
  </body>,
  "container": <div>
    <header
      class="h-16 bg-sky-500  flex justify-end items-center"
    >
      <h1
        class="text-lg font-bold underline text-zinc-950"
        data-testid="name"
      />
      <img
        alt="Rounded avatar"
        class="w-10 h-10 rounded-full mx-5"
        src="https://scontent.fsgn2-7.fna.fbcdn.net/v/t1.18169-1/11193438_402423169882782_2597021278587966343_n.jpg?stp=c0.2.40.40a_cp0_dst-jpg_p40x40&_nc_cat=108&ccb=1-7&_nc_sid=7206a8&_nc_ohc=iCEUNNQblrkAX91dsZP&_nc_ht=scontent.fsgn2-7.fna&oh=00_AfClD5sQ-_x_MYzw8cqGVumh1oerFns1BnnwjxMTq8Bhtg&oe=64EC1BA8"
      />
    </header>
  </div>,
  "debug": [Function],
  "findAllByAltText": [Function],
  "findAllByDisplayValue": [Function],
  "findAllByLabelText": [Function],
  "findAllByPlaceholderText": [Function],
  "findAllByRole": [Function],
  "findAllByTestId": [Function],
  "findAllByText": [Function],
  "findAllByTitle": [Function],
  "findByAltText": [Function],
  "findByDisplayValue": [Function],
  "findByLabelText": [Function],
  "findByPlaceholderText": [Function],
  "findByRole": [Function],
  "findByTestId": [Function],
  "findByText": [Function],
  "findByTitle": [Function],
  "getAllByAltText": [Function],
  "getAllByDisplayValue": [Function],
  "getAllByLabelText": [Function],
  "getAllByPlaceholderText": [Function],
  "getAllByRole": [Function],
  "getAllByTestId": [Function],
  "getAllByText": [Function],
  "getAllByTitle": [Function],
  "getByAltText": [Function],
  "getByDisplayValue": [Function],
  "getByLabelText": [Function],
  "getByPlaceholderText": [Function],
  "getByRole": [Function],
  "getByTestId": [Function],
  "getByText": [Function],
  "getByTitle": [Function],
  "queryAllByAltText": [Function],
  "queryAllByDisplayValue": [Function],
  "queryAllByLabelText": [Function],
  "queryAllByPlaceholderText": [Function],
  "queryAllByRole": [Function],
  "queryAllByTestId": [Function],
  "queryAllByText": [Function],
  "queryAllByTitle": [Function],
  "queryByAltText": [Function],
  "queryByDisplayValue": [Function],
  "queryByLabelText": [Function],
  "queryByPlaceholderText": [Function],
  "queryByRole": [Function],
  "queryByTestId": [Function],
  "queryByText": [Function],
  "queryByTitle": [Function],
  "rerender": [Function],
  "unmount": [Function],
}
`;
