// Vitest Snapshot v1, https://vitest.dev/guide/snapshot.html

exports[`loads and displays ui 1`] = `
{
  "asFragment": [Function],
  "baseElement": <body>
    <div>
      <div
        class="rounded-md shadow-lg ring-1 p-5 m-1 border-solid border border-zinc-500 flex flex-col items-start gap-1 "
      >
        <span
          class="block"
          data-testid="id"
        >
          <b>
            ID:
          </b>
           
          <span>
            1
          </span>
        </span>
        <span
          data-testid="name"
        >
          <b>
            Name:
          </b>
           
          Thiet bi 1
        </span>
        <span
          data-testid="location"
        >
          <b>
            Location:
          </b>
           
          Binh Duong
        </span>
        <span
          data-testid="status"
        >
          <b>
            Status:
          </b>
           
          connected
        </span>
        <span>
          <b>
            Temperature:
          </b>
           
          <span
            class="text-green-400"
          >
            20
             
          </span>
        </span>
        <span>
          <b>
            Last update:
          </b>
          12:37:53 AM
           - 
          8/1/2023
        </span>
      </div>
    </div>
  </body>,
  "container": <div>
    <div
      class="rounded-md shadow-lg ring-1 p-5 m-1 border-solid border border-zinc-500 flex flex-col items-start gap-1 "
    >
      <span
        class="block"
        data-testid="id"
      >
        <b>
          ID:
        </b>
         
        <span>
          1
        </span>
      </span>
      <span
        data-testid="name"
      >
        <b>
          Name:
        </b>
         
        Thiet bi 1
      </span>
      <span
        data-testid="location"
      >
        <b>
          Location:
        </b>
         
        Binh Duong
      </span>
      <span
        data-testid="status"
      >
        <b>
          Status:
        </b>
         
        connected
      </span>
      <span>
        <b>
          Temperature:
        </b>
         
        <span
          class="text-green-400"
        >
          20
           
        </span>
      </span>
      <span>
        <b>
          Last update:
        </b>
        12:37:53 AM
         - 
        8/1/2023
      </span>
    </div>
  </div>,
  "debug": [Function],
  "findAllByAltText": [Function],
  "findAllByDisplayValue": [Function],
  "findAllByLabelText": [Function],
  "findAllByPlaceholderText": [Function],
  "findAllByRole": [Function],
  "findAllByTestId": [Function],
  "findAllByText": [Function],
  "findAllByTitle": [Function],
  "findByAltText": [Function],
  "findByDisplayValue": [Function],
  "findByLabelText": [Function],
  "findByPlaceholderText": [Function],
  "findByRole": [Function],
  "findByTestId": [Function],
  "findByText": [Function],
  "findByTitle": [Function],
  "getAllByAltText": [Function],
  "getAllByDisplayValue": [Function],
  "getAllByLabelText": [Function],
  "getAllByPlaceholderText": [Function],
  "getAllByRole": [Function],
  "getAllByTestId": [Function],
  "getAllByText": [Function],
  "getAllByTitle": [Function],
  "getByAltText": [Function],
  "getByDisplayValue": [Function],
  "getByLabelText": [Function],
  "getByPlaceholderText": [Function],
  "getByRole": [Function],
  "getByTestId": [Function],
  "getByText": [Function],
  "getByTitle": [Function],
  "queryAllByAltText": [Function],
  "queryAllByDisplayValue": [Function],
  "queryAllByLabelText": [Function],
  "queryAllByPlaceholderText": [Function],
  "queryAllByRole": [Function],
  "queryAllByTestId": [Function],
  "queryAllByText": [Function],
  "queryAllByTitle": [Function],
  "queryByAltText": [Function],
  "queryByDisplayValue": [Function],
  "queryByLabelText": [Function],
  "queryByPlaceholderText": [Function],
  "queryByRole": [Function],
  "queryByTestId": [Function],
  "queryByText": [Function],
  "queryByTitle": [Function],
  "rerender": [Function],
  "unmount": [Function],
}
`;
