// Vitest Snapshot v1, https://vitest.dev/guide/snapshot.html

exports[`Check snapshot 1`] = `
{
  "asFragment": [Function],
  "baseElement": <body>
    <div>
      <div
        class="min-w-[375px]"
      >
        <header
          class="h-16 bg-sky-500  flex justify-end items-center"
        >
          <h1
            class="text-lg font-bold underline text-zinc-950"
            data-testid="name"
          />
          <img
            alt="Rounded avatar"
            class="w-10 h-10 rounded-full mx-5"
            src="https://scontent.fsgn2-7.fna.fbcdn.net/v/t1.18169-1/11193438_402423169882782_2597021278587966343_n.jpg?stp=c0.2.40.40a_cp0_dst-jpg_p40x40&_nc_cat=108&ccb=1-7&_nc_sid=7206a8&_nc_ohc=iCEUNNQblrkAX91dsZP&_nc_ht=scontent.fsgn2-7.fna&oh=00_AfClD5sQ-_x_MYzw8cqGVumh1oerFns1BnnwjxMTq8Bhtg&oe=64EC1BA8"
          />
        </header>
        <div
          class="flex justify-end mt-10 mr-10"
        >
          <button
            class=" text-end bg-transparent hover:bg-blue-500 text-blue-700 font-semibold hover:text-white py-2 px-4 border border-blue-500 hover:border-transparent rounded"
          >
            Refresh
          </button>
        </div>
        <div
          class="m-10"
        >
          <div
            class="grid gap-5 2 grid-cols-1 md:grid-cols-2 lg:grid-cols-4 xl:grid-cols-4"
          >
            <div
              class="flex w-full max-w-md mx-auto overflow-hidden rounded-lg shadow-lg bg-gray-300 animate-pulse dark:bg-gray-800"
            >
              <div
                class="h-60 w-max bg-gray-300 dark:bg-gray-600"
              />
            </div>
            <div
              class="flex w-full max-w-md mx-auto overflow-hidden rounded-lg shadow-lg bg-gray-300 animate-pulse dark:bg-gray-800"
            >
              <div
                class="h-60 w-max bg-gray-300 dark:bg-gray-600"
              />
            </div>
            <div
              class="flex w-full max-w-md mx-auto overflow-hidden rounded-lg shadow-lg bg-gray-300 animate-pulse dark:bg-gray-800"
            >
              <div
                class="h-60 w-max bg-gray-300 dark:bg-gray-600"
              />
            </div>
            <div
              class="flex w-full max-w-md mx-auto overflow-hidden rounded-lg shadow-lg bg-gray-300 animate-pulse dark:bg-gray-800"
            >
              <div
                class="h-60 w-max bg-gray-300 dark:bg-gray-600"
              />
            </div>
            <div
              class="flex w-full max-w-md mx-auto overflow-hidden rounded-lg shadow-lg bg-gray-300 animate-pulse dark:bg-gray-800"
            >
              <div
                class="h-60 w-max bg-gray-300 dark:bg-gray-600"
              />
            </div>
            <div
              class="flex w-full max-w-md mx-auto overflow-hidden rounded-lg shadow-lg bg-gray-300 animate-pulse dark:bg-gray-800"
            >
              <div
                class="h-60 w-max bg-gray-300 dark:bg-gray-600"
              />
            </div>
            <div
              class="flex w-full max-w-md mx-auto overflow-hidden rounded-lg shadow-lg bg-gray-300 animate-pulse dark:bg-gray-800"
            >
              <div
                class="h-60 w-max bg-gray-300 dark:bg-gray-600"
              />
            </div>
            <div
              class="flex w-full max-w-md mx-auto overflow-hidden rounded-lg shadow-lg bg-gray-300 animate-pulse dark:bg-gray-800"
            >
              <div
                class="h-60 w-max bg-gray-300 dark:bg-gray-600"
              />
            </div>
          </div>
        </div>
      </div>
    </div>
  </body>,
  "container": <div>
    <div
      class="min-w-[375px]"
    >
      <header
        class="h-16 bg-sky-500  flex justify-end items-center"
      >
        <h1
          class="text-lg font-bold underline text-zinc-950"
          data-testid="name"
        />
        <img
          alt="Rounded avatar"
          class="w-10 h-10 rounded-full mx-5"
          src="https://scontent.fsgn2-7.fna.fbcdn.net/v/t1.18169-1/11193438_402423169882782_2597021278587966343_n.jpg?stp=c0.2.40.40a_cp0_dst-jpg_p40x40&_nc_cat=108&ccb=1-7&_nc_sid=7206a8&_nc_ohc=iCEUNNQblrkAX91dsZP&_nc_ht=scontent.fsgn2-7.fna&oh=00_AfClD5sQ-_x_MYzw8cqGVumh1oerFns1BnnwjxMTq8Bhtg&oe=64EC1BA8"
        />
      </header>
      <div
        class="flex justify-end mt-10 mr-10"
      >
        <button
          class=" text-end bg-transparent hover:bg-blue-500 text-blue-700 font-semibold hover:text-white py-2 px-4 border border-blue-500 hover:border-transparent rounded"
        >
          Refresh
        </button>
      </div>
      <div
        class="m-10"
      >
        <div
          class="grid gap-5 2 grid-cols-1 md:grid-cols-2 lg:grid-cols-4 xl:grid-cols-4"
        >
          <div
            class="flex w-full max-w-md mx-auto overflow-hidden rounded-lg shadow-lg bg-gray-300 animate-pulse dark:bg-gray-800"
          >
            <div
              class="h-60 w-max bg-gray-300 dark:bg-gray-600"
            />
          </div>
          <div
            class="flex w-full max-w-md mx-auto overflow-hidden rounded-lg shadow-lg bg-gray-300 animate-pulse dark:bg-gray-800"
          >
            <div
              class="h-60 w-max bg-gray-300 dark:bg-gray-600"
            />
          </div>
          <div
            class="flex w-full max-w-md mx-auto overflow-hidden rounded-lg shadow-lg bg-gray-300 animate-pulse dark:bg-gray-800"
          >
            <div
              class="h-60 w-max bg-gray-300 dark:bg-gray-600"
            />
          </div>
          <div
            class="flex w-full max-w-md mx-auto overflow-hidden rounded-lg shadow-lg bg-gray-300 animate-pulse dark:bg-gray-800"
          >
            <div
              class="h-60 w-max bg-gray-300 dark:bg-gray-600"
            />
          </div>
          <div
            class="flex w-full max-w-md mx-auto overflow-hidden rounded-lg shadow-lg bg-gray-300 animate-pulse dark:bg-gray-800"
          >
            <div
              class="h-60 w-max bg-gray-300 dark:bg-gray-600"
            />
          </div>
          <div
            class="flex w-full max-w-md mx-auto overflow-hidden rounded-lg shadow-lg bg-gray-300 animate-pulse dark:bg-gray-800"
          >
            <div
              class="h-60 w-max bg-gray-300 dark:bg-gray-600"
            />
          </div>
          <div
            class="flex w-full max-w-md mx-auto overflow-hidden rounded-lg shadow-lg bg-gray-300 animate-pulse dark:bg-gray-800"
          >
            <div
              class="h-60 w-max bg-gray-300 dark:bg-gray-600"
            />
          </div>
          <div
            class="flex w-full max-w-md mx-auto overflow-hidden rounded-lg shadow-lg bg-gray-300 animate-pulse dark:bg-gray-800"
          >
            <div
              class="h-60 w-max bg-gray-300 dark:bg-gray-600"
            />
          </div>
        </div>
      </div>
    </div>
  </div>,
  "debug": [Function],
  "findAllByAltText": [Function],
  "findAllByDisplayValue": [Function],
  "findAllByLabelText": [Function],
  "findAllByPlaceholderText": [Function],
  "findAllByRole": [Function],
  "findAllByTestId": [Function],
  "findAllByText": [Function],
  "findAllByTitle": [Function],
  "findByAltText": [Function],
  "findByDisplayValue": [Function],
  "findByLabelText": [Function],
  "findByPlaceholderText": [Function],
  "findByRole": [Function],
  "findByTestId": [Function],
  "findByText": [Function],
  "findByTitle": [Function],
  "getAllByAltText": [Function],
  "getAllByDisplayValue": [Function],
  "getAllByLabelText": [Function],
  "getAllByPlaceholderText": [Function],
  "getAllByRole": [Function],
  "getAllByTestId": [Function],
  "getAllByText": [Function],
  "getAllByTitle": [Function],
  "getByAltText": [Function],
  "getByDisplayValue": [Function],
  "getByLabelText": [Function],
  "getByPlaceholderText": [Function],
  "getByRole": [Function],
  "getByTestId": [Function],
  "getByText": [Function],
  "getByTitle": [Function],
  "queryAllByAltText": [Function],
  "queryAllByDisplayValue": [Function],
  "queryAllByLabelText": [Function],
  "queryAllByPlaceholderText": [Function],
  "queryAllByRole": [Function],
  "queryAllByTestId": [Function],
  "queryAllByText": [Function],
  "queryAllByTitle": [Function],
  "queryByAltText": [Function],
  "queryByDisplayValue": [Function],
  "queryByLabelText": [Function],
  "queryByPlaceholderText": [Function],
  "queryByRole": [Function],
  "queryByTestId": [Function],
  "queryByText": [Function],
  "queryByTitle": [Function],
  "rerender": [Function],
  "unmount": [Function],
}
`;
